---
source: test-harness/src/harness.rs
expression: snapshot
info:
  kind:
    Translate:
      backend: coq
  info:
    name: pattern-or
    manifest: pattern-or/Cargo.toml
    description: ~
  spec:
    optional: false
    broken: false
    issue_id: ~
    positive: true
    snapshot:
      stderr: true
      stdout: true
---
exit = 0
stderr = '''
Compiling pattern-or v0.1.0 (WORKSPACE_ROOT/pattern-or)
    Finished dev [unoptimized + debuginfo] target(s) in XXs'''

[stdout]
diagnostics = []

[stdout.files]
"Pattern_or.v" = '''
(* File automatically generated by Hacspec *)
From Hacspec Require Import Hacspec_Lib MachineIntegers.
From Coq Require Import ZArith.
Import List.ListNotations.
Open Scope Z_scope.
Open Scope bool_scope.

Inductive t_E : Type :=
| E_A : t_E
| E_B : t_E.

(*Not implemented yet? todo(item)*)

Definition bar (x : t_E_t) : unit :=
  match x with
  | E_A  | E_B  =>
    tt
  end.
'''
